******************************************************************************
                  TI ARM Linker PC v5.2.5                      
******************************************************************************
>> Linked Tue Oct 13 23:26:20 2015

OUTPUT FILE NAME:   <lab03_T03.out>
ENTRY POINT SYMBOL: "_c_int00"  address: 000006e9


MEMORY CONFIGURATION

         name            origin    length      used     unused   attr    fill
----------------------  --------  ---------  --------  --------  ----  --------
  FLASH                 00000000   00020000  000008c0  0001f740  R  X
  SRAM                  20000000   00008000  00000218  00007de8  RW X


SEGMENT ALLOCATION MAP

run origin  load origin   length   init length attrs members
----------  ----------- ---------- ----------- ----- -------
00000000    00000000    000008c4   000008c4    r-x
  00000000    00000000    0000026c   0000026c    r-- .intvecs
  0000026c    0000026c    00000630   00000630    r-x .text
  000008a0    000008a0    00000024   00000024    r-- .cinit
20000000    20000000    00000218   00000000    rw-
  20000000    20000000    00000200   00000000    rw- .stack
  20000200    20000200    00000018   00000000    rw- .data


SECTION ALLOCATION MAP

 output                                  attributes/
section   page    origin      length       input sections
--------  ----  ----------  ----------   ----------------
.intvecs   0    00000000    0000026c     
                  00000000    0000026c     tm4c123ge6pm_startup_ccs.obj (.intvecs)

.text      0    0000026c    00000630     
                  0000026c    00000130     driverlib.lib : gpio.obj (.text:GPIOPadConfigSet)
                  0000039c    000000f0                   : sysctl.obj (.text:SysCtlClockSet)
                  0000048c    0000009c     rtsv7M4_T_le_v4SPD16_eabi.lib : memcpy_t2.obj (.text)
                  00000528    0000007a                                   : memset_t2.obj (.text)
                  000005a2    00000002     --HOLE-- [fill = 0]
                  000005a4    0000006c     main.obj (.text)
                  00000610    0000006c     rtsv7M4_T_le_v4SPD16_eabi.lib : autoinit.obj (.text)
                  0000067c    0000006a                                   : copy_decompress_rle.obj (.text)
                  000006e6    00000002     --HOLE-- [fill = 0]
                  000006e8    00000050                                   : boot.obj (.text)
                  00000738    0000004c                                   : cpy_tbl.obj (.text)
                  00000784    00000044                                   : exit.obj (.text)
                  000007c8    00000034     driverlib.lib : sysctl.obj (.text:SysCtlPeripheralEnable)
                  000007fc    0000002a                   : gpio.obj (.text:GPIODirModeSet)
                  00000826    00000018                   : gpio.obj (.text:GPIOPinTypeGPIOOutput)
                  0000083e    00000002     --HOLE-- [fill = 0]
                  00000840    00000018     rtsv7M4_T_le_v4SPD16_eabi.lib : args_main.obj (.text)
                  00000858    00000014                                   : _lock.obj (.text)
                  0000086c    0000000e                                   : copy_decompress_none.obj (.text:decompress:none)
                  0000087a    0000000c     tm4c123ge6pm_startup_ccs.obj (.text)
                  00000886    00000006     driverlib.lib : gpio.obj (.text:GPIOPinWrite)
                  0000088c    00000006                   : sysctl.obj (.text:SysCtlDelay)
                  00000892    00000006     rtsv7M4_T_le_v4SPD16_eabi.lib : copy_decompress_rle.obj (.text:decompress:rle24)
                  00000898    00000004                                   : pre_init.obj (.text)

.cinit     0    000008a0    00000024     
                  000008a0    00000013     (.cinit..data.load) [load image, compression = rle]
                  000008b3    00000001     --HOLE-- [fill = 0]
                  000008b4    00000008     (__TI_handler_table)
                  000008bc    00000008     (__TI_cinit_table)

.init_array 
*          0    00000000    00000000     UNINITIALIZED

.stack     0    20000000    00000200     UNINITIALIZED
                  20000000    00000200     --HOLE--

.data      0    20000200    00000018     UNINITIALIZED
                  20000200    00000008     rtsv7M4_T_le_v4SPD16_eabi.lib : _lock.obj (.data)
                  20000208    00000008                                   : exit.obj (.data)
                  20000210    00000004     main.obj (.data)
                  20000214    00000004     rtsv7M4_T_le_v4SPD16_eabi.lib : stkdepth_vars.obj (.data)

.TI.persistent 
*          0    20000200    00000000     UNINITIALIZED


LINKER GENERATED COPY TABLES

__TI_cinit_table @ 000008bc records: 1, size/record: 8, table size: 8
	.data: load addr=000008a0, load size=00000013 bytes, run addr=20000200, run size=00000018 bytes, compression=rle


LINKER GENERATED HANDLER TABLE

__TI_handler_table @ 000008b4 records: 2, size/record: 4, table size: 8
	index: 0, handler: __TI_decompress_rle24
	index: 1, handler: __TI_decompress_none


GLOBAL SYMBOLS: SORTED ALPHABETICALLY BY Name 

address   name                    
-------   ----                    
00000785  C$$EXIT                 
000007fd  GPIODirModeSet          
0000026d  GPIOPadConfigSet        
00000827  GPIOPinTypeGPIOOutput   
00000887  GPIOPinWrite            
0000087b  ResetISR                
UNDEFED   SHT$$INIT_ARRAY$$Base   
UNDEFED   SHT$$INIT_ARRAY$$Limit  
0000039d  SysCtlClockSet          
0000088d  SysCtlDelay             
000007c9  SysCtlPeripheralEnable  
20000200  __STACK_END             
00000200  __STACK_SIZE            
20000200  __STACK_TOP             
000008bc  __TI_CINIT_Base         
000008c4  __TI_CINIT_Limit        
000008b4  __TI_Handler_Table_Base 
000008bc  __TI_Handler_Table_Limit
00000611  __TI_auto_init          
20000208  __TI_cleanup_ptr        
0000086d  __TI_decompress_none    
00000893  __TI_decompress_rle24   
2000020c  __TI_dtors_ptr          
00000000  __TI_static_base__      
00000529  __aeabi_memclr          
00000529  __aeabi_memclr4         
00000529  __aeabi_memclr8         
0000048d  __aeabi_memcpy          
0000048d  __aeabi_memcpy4         
0000048d  __aeabi_memcpy8         
0000052b  __aeabi_memset          
0000052b  __aeabi_memset4         
0000052b  __aeabi_memset8         
ffffffff  __binit__               
ffffffff  __c_args__              
20000000  __stack                 
00000841  _args_main              
000006e9  _c_int00                
20000200  _lock                   
00000867  _nop                    
0000085f  _register_lock          
00000859  _register_unlock        
00000899  _system_pre_init        
20000204  _unlock                 
00000789  abort                   
ffffffff  binit                   
00000739  copy_in                 
00000791  exit                    
00000000  g_pfnVectors            
000005a5  main                    
20000214  main_func_sp            
0000048d  memcpy                  
00000531  memset                  
20000210  ui8PinData              


GLOBAL SYMBOLS: SORTED BY Symbol Address 

address   name                    
-------   ----                    
00000000  __TI_static_base__      
00000000  g_pfnVectors            
00000200  __STACK_SIZE            
0000026d  GPIOPadConfigSet        
0000039d  SysCtlClockSet          
0000048d  __aeabi_memcpy          
0000048d  __aeabi_memcpy4         
0000048d  __aeabi_memcpy8         
0000048d  memcpy                  
00000529  __aeabi_memclr          
00000529  __aeabi_memclr4         
00000529  __aeabi_memclr8         
0000052b  __aeabi_memset          
0000052b  __aeabi_memset4         
0000052b  __aeabi_memset8         
00000531  memset                  
000005a5  main                    
00000611  __TI_auto_init          
000006e9  _c_int00                
00000739  copy_in                 
00000785  C$$EXIT                 
00000789  abort                   
00000791  exit                    
000007c9  SysCtlPeripheralEnable  
000007fd  GPIODirModeSet          
00000827  GPIOPinTypeGPIOOutput   
00000841  _args_main              
00000859  _register_unlock        
0000085f  _register_lock          
00000867  _nop                    
0000086d  __TI_decompress_none    
0000087b  ResetISR                
00000887  GPIOPinWrite            
0000088d  SysCtlDelay             
00000893  __TI_decompress_rle24   
00000899  _system_pre_init        
000008b4  __TI_Handler_Table_Base 
000008bc  __TI_CINIT_Base         
000008bc  __TI_Handler_Table_Limit
000008c4  __TI_CINIT_Limit        
20000000  __stack                 
20000200  __STACK_END             
20000200  __STACK_TOP             
20000200  _lock                   
20000204  _unlock                 
20000208  __TI_cleanup_ptr        
2000020c  __TI_dtors_ptr          
20000210  ui8PinData              
20000214  main_func_sp            
ffffffff  __binit__               
ffffffff  __c_args__              
ffffffff  binit                   
UNDEFED   SHT$$INIT_ARRAY$$Base   
UNDEFED   SHT$$INIT_ARRAY$$Limit  

[54 symbols]
